[spi.bakusoku-shukatsu.jp/index.html]
[backblue.gif]
[fade.gif]
[index.html]
[spi.bakusoku-shukatsu.jp/images/v1_5.png]
[spi.bakusoku-shukatsu.jp/images/v1_154.png]
[spi.bakusoku-shukatsu.jp/images/v1_174.png]
[spi.bakusoku-shukatsu.jp/images/v1_173.png]
[spi.bakusoku-shukatsu.jp/exam/select-mode.html]
[spi.bakusoku-shukatsu.jp/lp.html]
[spi.bakusoku-shukatsu.jp/exam/pre-exam/8.html]
[spi.bakusoku-shukatsu.jp/exam/pre-exam/9.html]
[spi.bakusoku-shukatsu.jp/exam/pre-exam/10.html]
[spi.bakusoku-shukatsu.jp/exam/pre-exam/14.html]
[spi.bakusoku-shukatsu.jp/exam/pre-exam/5.html]
[spi.bakusoku-shukatsu.jp/exam/pre-exam/6.html]
[spi.bakusoku-shukatsu.jp/index.html]
[spi.bakusoku-shukatsu.jp/terms.html]
[spi.bakusoku-shukatsu.jp/images/v1_154.png]
[spi.bakusoku-shukatsu.jp/build/assets/app-CiUQVDEA.css]
[spi.bakusoku-shukatsu.jp/exam/select-category/easy.html]
[spi.bakusoku-shukatsu.jp/exam/select-mode.html]
[spi.bakusoku-shukatsu.jp/exam/select-category/full.html]
[spi.bakusoku-shukatsu.jp/css/common.css]
[spi.bakusoku-shukatsu.jp/css/lp.css]
[spi.bakusoku-shukatsu.jp/register/degree.html]
[spi.bakusoku-shukatsu.jp/company.html]
[spi.bakusoku-shukatsu.jp/lp.html]
[spi.bakusoku-shukatsu.jp/exam/pre-exam/8.html]
[spi.bakusoku-shukatsu.jp/exam/pre-exam/9.html]
[spi.bakusoku-shukatsu.jp/exam/pre-exam/10.html]
[spi.bakusoku-shukatsu.jp/exam/pre-exam/14.html]
[spi.bakusoku-shukatsu.jp/exam/pre-exam/5.html]
[spi.bakusoku-shukatsu.jp/exam/pre-exam/6.html]
[spi.bakusoku-shukatsu.jp/terms.html]
[www.googletagmanager.com/gtm5445.js]
[spi.bakusoku-shukatsu.jp/build/assets/app-CiUQVDEA.css]
[spi.bakusoku-shukatsu.jp/privacy.html]
[spi.bakusoku-shukatsu.jp/images/v1_154.png]
[spi.bakusoku-shukatsu.jp/images/v43_30.png]
[spi.bakusoku-shukatsu.jp/build/assets/app-eMHK6VFw.js]
[spi.bakusoku-shukatsu.jp/images/v43_31.png]
[spi.bakusoku-shukatsu.jp/images/v43_32.png]
[spi.bakusoku-shukatsu.jp/exam/pre-exam/easy_1000f6.html]
[spi.bakusoku-shukatsu.jp/exam/pre-exam/easy_1100f6.html]
[spi.bakusoku-shukatsu.jp/exam/select-category/easy.html]
[spi.bakusoku-shukatsu.jp/exam/pre-exam/easy_1200f6.html]
[spi.bakusoku-shukatsu.jp/exam/pre-exam/8c8cf.html]
[spi.bakusoku-shukatsu.jp/exam/pre-exam/13c8cf.html]
[spi.bakusoku-shukatsu.jp/exam/select-category/full.html]
[spi.bakusoku-shukatsu.jp/css/common.css]
[spi.bakusoku-shukatsu.jp/exam/pre-exam/4c8cf.html]
[spi.bakusoku-shukatsu.jp/images/v5_54.png]
[spi.bakusoku-shukatsu.jp/images/v5_31.png]
[spi.bakusoku-shukatsu.jp/images/v5_50.png]
[spi.bakusoku-shukatsu.jp/images/v5_23.png]
[spi.bakusoku-shukatsu.jp/images/v5_51.png]
[spi.bakusoku-shukatsu.jp/css/lp.css]
[spi.bakusoku-shukatsu.jp/register/degree.html]
[spi.bakusoku-shukatsu.jp/company.html]
[spi.bakusoku-shukatsu.jp/privacy.html]
[spi.bakusoku-shukatsu.jp/exam/pre-exam/easy_1000f6.html]
[spi.bakusoku-shukatsu.jp/exam/pre-exam/easy_1100f6.html]
[spi.bakusoku-shukatsu.jp/exam/pre-exam/easy_1200f6.html]
[spi.bakusoku-shukatsu.jp/exam/pre-exam/8c8cf.html]
[spi.bakusoku-shukatsu.jp/exam/pre-exam/13c8cf.html]
[spi.bakusoku-shukatsu.jp/exam/pre-exam/4c8cf.html]
[spi.bakusoku-shukatsu.jp/login.html]
[spi.bakusoku-shukatsu.jp/login.html]
[spi.bakusoku-shukatsu.jp/password/reset.html]
[spi.bakusoku-shukatsu.jp/password/reset.html]
